[0/1] Planning build
Building for debugging...
[0/7] Write sources
[1/7] Write swift-version--58304C5D6DBC2206.txt
[3/5] Emitting module MinaSCPTests
[4/5] Compiling MinaSCPTests AdvancedTests.swift
[4/6] Write Objects.LinkFileList
[5/6] Linking MinaSCPPackageTests
Build complete! (1.86s)
Test Suite 'Selected tests' started at 2026-09-10 18:42:30.807.
Test Suite 'MinaSCPPackageTests.xctest' started at 2026-09-10 18:42:30.808.
Test Suite 'AdvancedTests' started at 2026-09-10 18:42:30.808.
Test Case '-[MinaSCPTests.AdvancedTests testCrossSiteBothEndpointDisconnectsAndResume]' started.
Test Case '-[MinaSCPTests.AdvancedTests testCrossSiteBothEndpointDisconnectsAndResume]' passed (12.341 seconds).
Test Suite 'AdvancedTests' passed at 2026-09-10 18:42:43.149.
	 Executed 1 test, with 0 failures (0 unexpected) in 12.341 (12.341) seconds
Test Suite 'MinaSCPPackageTests.xctest' passed at 2026-09-10 18:42:43.149.
	 Executed 1 test, with 0 failures (0 unexpected) in 12.341 (12.341) seconds
Test Suite 'Selected tests' passed at 2026-09-10 18:42:43.149.
	 Executed 1 test, with 0 failures (0 unexpected) in 12.341 (12.342) seconds
◇ Test run started.
↳ Testing Library Version: 1902
↳ Target Platform: arm64e-apple-macos14.0
✔ Test run with 0 tests in 0 suites passed after 0.001 seconds.
