[0/1] Planning build
Building for debugging...
[0/6] Write swift-version--58304C5D6DBC2206.txt
[2/4] Emitting module MinaSCPTests
[2/4] Write Objects.LinkFileList
[3/4] Linking MinaSCPPackageTests
Build complete! (0.55s)
Test Suite 'Selected tests' started at 2026-09-10 14:59:24.762.
Test Suite 'MinaSCPPackageTests.xctest' started at 2026-09-10 14:59:24.764.
Test Suite 'EditingTests' started at 2026-09-10 14:59:24.764.
Test Case '-[MinaSCPTests.EditingTests testAskPassHelperSocketExchange]' started.
Test Case '-[MinaSCPTests.EditingTests testAskPassHelperSocketExchange]' passed (0.074 seconds).
Test Case '-[MinaSCPTests.EditingTests testAtomicSavesConflictAndRestartRetainsCopy]' started.
Test Case '-[MinaSCPTests.EditingTests testAtomicSavesConflictAndRestartRetainsCopy]' passed (2.118 seconds).
Test Suite 'EditingTests' passed at 2026-09-10 14:59:26.956.
	 Executed 2 tests, with 0 failures (0 unexpected) in 2.192 (2.192) seconds
Test Suite 'SiteTests' started at 2026-09-10 14:59:26.956.
Test Case '-[MinaSCPTests.SiteTests testCorruptStoreIsNotSilentlyDiscarded]' started.
Test Case '-[MinaSCPTests.SiteTests testCorruptStoreIsNotSilentlyDiscarded]' passed (0.001 seconds).
Test Case '-[MinaSCPTests.SiteTests testSitesSurviveRestartAndCanUpdateAndDelete]' started.
Test Case '-[MinaSCPTests.SiteTests testSitesSurviveRestartAndCanUpdateAndDelete]' passed (0.011 seconds).
Test Suite 'SiteTests' passed at 2026-09-10 14:59:26.968.
	 Executed 2 tests, with 0 failures (0 unexpected) in 0.012 (0.012) seconds
Test Suite 'MinaSCPPackageTests.xctest' passed at 2026-09-10 14:59:26.968.
	 Executed 4 tests, with 0 failures (0 unexpected) in 2.204 (2.204) seconds
Test Suite 'Selected tests' passed at 2026-09-10 14:59:26.968.
	 Executed 4 tests, with 0 failures (0 unexpected) in 2.204 (2.206) seconds
◇ Test run started.
↳ Testing Library Version: 1902
↳ Target Platform: arm64e-apple-macos14.0
✔ Test run with 0 tests in 0 suites passed after 0.001 seconds.
